// Jest Snapshot v1, https://goo.gl/fbAQLP

exports[`should generate a snapshot for app component 1`] = `
<DocumentFragment>
  <div
    class="App"
  >
    <header
      class="App-header"
    >
      <img
        alt="logo"
        class="App-logo"
        src="logo.svg"
      />
      <p>
        Edit 
        <code>
          src/App.js
        </code>
         and save to reload.
      </p>
    </header>
  </div>
</DocumentFragment>
`;
